[2025-05-27T08:17:55.962+0000] {local_task_job_runner.py:123} INFO - ::group::Pre task execution logs
[2025-05-27T08:17:55.981+0000] {taskinstance.py:2631} INFO - Dependencies all met for dep_context=non-requeueable deps ti=<TaskInstance: pipeline.init_buckets manual__2025-05-27T08:17:55.362446+00:00 [queued]>
[2025-05-27T08:17:55.994+0000] {taskinstance.py:2631} INFO - Dependencies all met for dep_context=requeueable deps ti=<TaskInstance: pipeline.init_buckets manual__2025-05-27T08:17:55.362446+00:00 [queued]>
[2025-05-27T08:17:55.995+0000] {taskinstance.py:2884} INFO - Starting attempt 1 of 6
[2025-05-27T08:17:56.009+0000] {taskinstance.py:2907} INFO - Executing <Task(BashOperator): init_buckets> on 2025-05-27 08:17:55.362446+00:00
[2025-05-27T08:17:56.016+0000] {logging_mixin.py:190} WARNING - /home/***/.local/lib/python3.12/site-packages/***/task/task_runner/standard_task_runner.py:70 DeprecationWarning: This process (pid=608) is multi-threaded, use of fork() may lead to deadlocks in the child.
[2025-05-27T08:17:56.018+0000] {standard_task_runner.py:72} INFO - Started process 609 to run task
[2025-05-27T08:17:56.017+0000] {standard_task_runner.py:104} INFO - Running: ['***', 'tasks', 'run', 'pipeline', 'init_buckets', 'manual__2025-05-27T08:17:55.362446+00:00', '--job-id', '16', '--raw', '--subdir', 'DAGS_FOLDER/pipeline.py', '--cfg-path', '/tmp/tmp7ggncy7m']
[2025-05-27T08:17:56.019+0000] {standard_task_runner.py:105} INFO - Job 16: Subtask init_buckets
[2025-05-27T08:17:56.063+0000] {task_command.py:467} INFO - Running <TaskInstance: pipeline.init_buckets manual__2025-05-27T08:17:55.362446+00:00 [running]> on host ***
[2025-05-27T08:17:56.137+0000] {taskinstance.py:3157} INFO - Exporting env vars: AIRFLOW_CTX_DAG_OWNER='***' AIRFLOW_CTX_DAG_ID='pipeline' AIRFLOW_CTX_TASK_ID='init_buckets' AIRFLOW_CTX_EXECUTION_DATE='2025-05-27T08:17:55.362446+00:00' AIRFLOW_CTX_TRY_NUMBER='1' AIRFLOW_CTX_DAG_RUN_ID='manual__2025-05-27T08:17:55.362446+00:00'
[2025-05-27T08:17:56.138+0000] {taskinstance.py:740} INFO - ::endgroup::
[2025-05-27T08:17:56.151+0000] {subprocess.py:78} INFO - Tmp dir root location: /tmp
[2025-05-27T08:17:56.153+0000] {subprocess.py:88} INFO - Running command: ['/usr/bin/bash', '-c', 'pwd && ls -la && /opt/***/scripts/create_bucket.sh ']
[2025-05-27T08:17:56.160+0000] {subprocess.py:99} INFO - Output:
[2025-05-27T08:17:56.161+0000] {subprocess.py:106} INFO - /tmp/***tmpevd08c_k
[2025-05-27T08:17:56.162+0000] {subprocess.py:106} INFO - total 8
[2025-05-27T08:17:56.163+0000] {subprocess.py:106} INFO - drwx------ 2 *** root 4096 May 27 08:17 .
[2025-05-27T08:17:56.163+0000] {subprocess.py:106} INFO - drwxrwxrwt 1 root    root 4096 May 27 08:17 ..
[2025-05-27T08:17:56.295+0000] {subprocess.py:106} INFO - python: can't open file '/opt/init/create_bucket.py': [Errno 2] No such file or directory
[2025-05-27T08:17:56.305+0000] {subprocess.py:110} INFO - Command exited with return code 2
[2025-05-27T08:17:56.316+0000] {taskinstance.py:3336} ERROR - Task failed with exception
Traceback (most recent call last):
  File "/home/airflow/.local/lib/python3.12/site-packages/airflow/models/taskinstance.py", line 776, in _execute_task
    result = _execute_callable(context=context, **execute_callable_kwargs)
             ^^^^^^^^^^^^^^^^^^^^^^^^^^^^^^^^^^^^^^^^^^^^^^^^^^^^^^^^^^^^^
  File "/home/airflow/.local/lib/python3.12/site-packages/airflow/models/taskinstance.py", line 742, in _execute_callable
    return ExecutionCallableRunner(
           ^^^^^^^^^^^^^^^^^^^^^^^^
  File "/home/airflow/.local/lib/python3.12/site-packages/airflow/utils/operator_helpers.py", line 252, in run
    return self.func(*args, **kwargs)
           ^^^^^^^^^^^^^^^^^^^^^^^^^^
  File "/home/airflow/.local/lib/python3.12/site-packages/airflow/models/baseoperator.py", line 424, in wrapper
    return func(self, *args, **kwargs)
           ^^^^^^^^^^^^^^^^^^^^^^^^^^^
  File "/home/airflow/.local/lib/python3.12/site-packages/airflow/operators/bash.py", line 276, in execute
    raise AirflowException(
airflow.exceptions.AirflowException: Bash command failed. The command returned a non-zero exit code 2.
[2025-05-27T08:17:56.322+0000] {taskinstance.py:1242} INFO - Marking task as UP_FOR_RETRY. dag_id=pipeline, task_id=init_buckets, run_id=manual__2025-05-27T08:17:55.362446+00:00, execution_date=20250527T081755, start_date=20250527T081755, end_date=20250527T081756
[2025-05-27T08:17:56.346+0000] {taskinstance.py:349} INFO - ::group::Post task execution logs
[2025-05-27T08:17:56.347+0000] {standard_task_runner.py:124} ERROR - Failed to execute job 16 for task init_buckets (Bash command failed. The command returned a non-zero exit code 2.; 609)
Traceback (most recent call last):
  File "/home/airflow/.local/lib/python3.12/site-packages/airflow/task/task_runner/standard_task_runner.py", line 117, in _start_by_fork
    ret = args.func(args, dag=self.dag)
          ^^^^^^^^^^^^^^^^^^^^^^^^^^^^^
  File "/home/airflow/.local/lib/python3.12/site-packages/airflow/cli/cli_config.py", line 49, in command
    return func(*args, **kwargs)
           ^^^^^^^^^^^^^^^^^^^^^
  File "/home/airflow/.local/lib/python3.12/site-packages/airflow/utils/cli.py", line 116, in wrapper
    return f(*args, **kwargs)
           ^^^^^^^^^^^^^^^^^^
  File "/home/airflow/.local/lib/python3.12/site-packages/airflow/cli/commands/task_command.py", line 483, in task_run
    task_return_code = _run_task_by_selected_method(args, _dag, ti)
                       ^^^^^^^^^^^^^^^^^^^^^^^^^^^^^^^^^^^^^^^^^^^^
  File "/home/airflow/.local/lib/python3.12/site-packages/airflow/cli/commands/task_command.py", line 256, in _run_task_by_selected_method
    return _run_raw_task(args, ti)
           ^^^^^^^^^^^^^^^^^^^^^^^
  File "/home/airflow/.local/lib/python3.12/site-packages/airflow/cli/commands/task_command.py", line 341, in _run_raw_task
    return ti._run_raw_task(
           ^^^^^^^^^^^^^^^^^
  File "/home/airflow/.local/lib/python3.12/site-packages/airflow/utils/session.py", line 97, in wrapper
    return func(*args, session=session, **kwargs)
           ^^^^^^^^^^^^^^^^^^^^^^^^^^^^^^^^^^^^^^
  File "/home/airflow/.local/lib/python3.12/site-packages/airflow/models/taskinstance.py", line 3029, in _run_raw_task
    return _run_raw_task(
           ^^^^^^^^^^^^^^
  File "/home/airflow/.local/lib/python3.12/site-packages/airflow/models/taskinstance.py", line 282, in _run_raw_task
    TaskInstance._execute_task_with_callbacks(
  File "/home/airflow/.local/lib/python3.12/site-packages/airflow/models/taskinstance.py", line 3184, in _execute_task_with_callbacks
    result = self._execute_task(context, task_orig)
             ^^^^^^^^^^^^^^^^^^^^^^^^^^^^^^^^^^^^^^
  File "/home/airflow/.local/lib/python3.12/site-packages/airflow/models/taskinstance.py", line 3208, in _execute_task
    return _execute_task(self, context, task_orig)
           ^^^^^^^^^^^^^^^^^^^^^^^^^^^^^^^^^^^^^^^
  File "/home/airflow/.local/lib/python3.12/site-packages/airflow/models/taskinstance.py", line 776, in _execute_task
    result = _execute_callable(context=context, **execute_callable_kwargs)
             ^^^^^^^^^^^^^^^^^^^^^^^^^^^^^^^^^^^^^^^^^^^^^^^^^^^^^^^^^^^^^
  File "/home/airflow/.local/lib/python3.12/site-packages/airflow/models/taskinstance.py", line 742, in _execute_callable
    return ExecutionCallableRunner(
           ^^^^^^^^^^^^^^^^^^^^^^^^
  File "/home/airflow/.local/lib/python3.12/site-packages/airflow/utils/operator_helpers.py", line 252, in run
    return self.func(*args, **kwargs)
           ^^^^^^^^^^^^^^^^^^^^^^^^^^
  File "/home/airflow/.local/lib/python3.12/site-packages/airflow/models/baseoperator.py", line 424, in wrapper
    return func(self, *args, **kwargs)
           ^^^^^^^^^^^^^^^^^^^^^^^^^^^
  File "/home/airflow/.local/lib/python3.12/site-packages/airflow/operators/bash.py", line 276, in execute
    raise AirflowException(
airflow.exceptions.AirflowException: Bash command failed. The command returned a non-zero exit code 2.
[2025-05-27T08:17:56.354+0000] {local_task_job_runner.py:266} INFO - Task exited with return code 1
[2025-05-27T08:17:56.370+0000] {taskinstance.py:3924} INFO - 0 downstream tasks scheduled from follow-on schedule check
[2025-05-27T08:17:56.372+0000] {local_task_job_runner.py:245} INFO - ::endgroup::
