[2025-05-27T08:20:58.260+0000] {local_task_job_runner.py:123} INFO - ::group::Pre task execution logs
[2025-05-27T08:20:58.277+0000] {taskinstance.py:2631} INFO - Dependencies all met for dep_context=non-requeueable deps ti=<TaskInstance: pipeline.init_buckets manual__2025-05-27T08:20:57.709070+00:00 [queued]>
[2025-05-27T08:20:58.284+0000] {taskinstance.py:2631} INFO - Dependencies all met for dep_context=requeueable deps ti=<TaskInstance: pipeline.init_buckets manual__2025-05-27T08:20:57.709070+00:00 [queued]>
[2025-05-27T08:20:58.285+0000] {taskinstance.py:2884} INFO - Starting attempt 1 of 6
[2025-05-27T08:20:58.297+0000] {taskinstance.py:2907} INFO - Executing <Task(BashOperator): init_buckets> on 2025-05-27 08:20:57.709070+00:00
[2025-05-27T08:20:58.304+0000] {logging_mixin.py:190} WARNING - /home/***/.local/lib/python3.12/site-packages/***/task/task_runner/standard_task_runner.py:70 DeprecationWarning: This process (pid=673) is multi-threaded, use of fork() may lead to deadlocks in the child.
[2025-05-27T08:20:58.305+0000] {standard_task_runner.py:72} INFO - Started process 674 to run task
[2025-05-27T08:20:58.307+0000] {standard_task_runner.py:104} INFO - Running: ['***', 'tasks', 'run', 'pipeline', 'init_buckets', 'manual__2025-05-27T08:20:57.709070+00:00', '--job-id', '18', '--raw', '--subdir', 'DAGS_FOLDER/pipeline.py', '--cfg-path', '/tmp/tmpggz5lqqu']
[2025-05-27T08:20:58.309+0000] {standard_task_runner.py:105} INFO - Job 18: Subtask init_buckets
[2025-05-27T08:20:58.355+0000] {task_command.py:467} INFO - Running <TaskInstance: pipeline.init_buckets manual__2025-05-27T08:20:57.709070+00:00 [running]> on host ***
[2025-05-27T08:20:58.431+0000] {taskinstance.py:3157} INFO - Exporting env vars: AIRFLOW_CTX_DAG_OWNER='***' AIRFLOW_CTX_DAG_ID='pipeline' AIRFLOW_CTX_TASK_ID='init_buckets' AIRFLOW_CTX_EXECUTION_DATE='2025-05-27T08:20:57.709070+00:00' AIRFLOW_CTX_TRY_NUMBER='1' AIRFLOW_CTX_DAG_RUN_ID='manual__2025-05-27T08:20:57.709070+00:00'
[2025-05-27T08:20:58.432+0000] {taskinstance.py:740} INFO - ::endgroup::
[2025-05-27T08:20:58.447+0000] {subprocess.py:78} INFO - Tmp dir root location: /tmp
[2025-05-27T08:20:58.449+0000] {subprocess.py:88} INFO - Running command: ['/usr/bin/bash', '-c', '/$HOME/scripts/create_bucket.sh ']
[2025-05-27T08:20:58.455+0000] {subprocess.py:99} INFO - Output:
[2025-05-27T08:21:00.374+0000] {subprocess.py:106} INFO - Bucket 'bronze' đã tồn tại.
[2025-05-27T08:21:00.374+0000] {subprocess.py:106} INFO - Bucket 'silver' đã tồn tại.
[2025-05-27T08:21:00.375+0000] {subprocess.py:106} INFO - Bucket 'gold' đã tồn tại.
[2025-05-27T08:21:00.414+0000] {subprocess.py:110} INFO - Command exited with return code 0
[2025-05-27T08:21:00.438+0000] {taskinstance.py:349} INFO - ::group::Post task execution logs
[2025-05-27T08:21:00.439+0000] {taskinstance.py:361} INFO - Marking task as SUCCESS. dag_id=pipeline, task_id=init_buckets, run_id=manual__2025-05-27T08:20:57.709070+00:00, execution_date=20250527T082057, start_date=20250527T082058, end_date=20250527T082100
[2025-05-27T08:21:00.489+0000] {local_task_job_runner.py:266} INFO - Task exited with return code 0
[2025-05-27T08:21:00.503+0000] {taskinstance.py:3924} INFO - 0 downstream tasks scheduled from follow-on schedule check
[2025-05-27T08:21:00.506+0000] {local_task_job_runner.py:245} INFO - ::endgroup::
