[2025-05-27T08:06:53.595+0000] {local_task_job_runner.py:123} INFO - ::group::Pre task execution logs
[2025-05-27T08:06:53.612+0000] {taskinstance.py:2631} INFO - Dependencies all met for dep_context=non-requeueable deps ti=<TaskInstance: pipeline.init_buckets manual__2025-05-27T08:06:52.419075+00:00 [queued]>
[2025-05-27T08:06:53.619+0000] {taskinstance.py:2631} INFO - Dependencies all met for dep_context=requeueable deps ti=<TaskInstance: pipeline.init_buckets manual__2025-05-27T08:06:52.419075+00:00 [queued]>
[2025-05-27T08:06:53.620+0000] {taskinstance.py:2884} INFO - Starting attempt 1 of 6
[2025-05-27T08:06:53.630+0000] {taskinstance.py:2907} INFO - Executing <Task(BashOperator): init_buckets> on 2025-05-27 08:06:52.419075+00:00
[2025-05-27T08:06:53.636+0000] {logging_mixin.py:190} WARNING - /home/***/.local/lib/python3.12/site-packages/***/task/task_runner/standard_task_runner.py:70 DeprecationWarning: This process (pid=406) is multi-threaded, use of fork() may lead to deadlocks in the child.
[2025-05-27T08:06:53.637+0000] {standard_task_runner.py:72} INFO - Started process 407 to run task
[2025-05-27T08:06:53.636+0000] {standard_task_runner.py:104} INFO - Running: ['***', 'tasks', 'run', 'pipeline', 'init_buckets', 'manual__2025-05-27T08:06:52.419075+00:00', '--job-id', '6', '--raw', '--subdir', 'DAGS_FOLDER/pipeline.py', '--cfg-path', '/tmp/tmp7_s_6_v6']
[2025-05-27T08:06:53.638+0000] {standard_task_runner.py:105} INFO - Job 6: Subtask init_buckets
[2025-05-27T08:06:53.684+0000] {task_command.py:467} INFO - Running <TaskInstance: pipeline.init_buckets manual__2025-05-27T08:06:52.419075+00:00 [running]> on host ***
[2025-05-27T08:06:53.747+0000] {taskinstance.py:3157} INFO - Exporting env vars: AIRFLOW_CTX_DAG_OWNER='***' AIRFLOW_CTX_DAG_ID='pipeline' AIRFLOW_CTX_TASK_ID='init_buckets' AIRFLOW_CTX_EXECUTION_DATE='2025-05-27T08:06:52.419075+00:00' AIRFLOW_CTX_TRY_NUMBER='1' AIRFLOW_CTX_DAG_RUN_ID='manual__2025-05-27T08:06:52.419075+00:00'
[2025-05-27T08:06:53.747+0000] {taskinstance.py:740} INFO - ::endgroup::
[2025-05-27T08:06:53.758+0000] {subprocess.py:78} INFO - Tmp dir root location: /tmp
[2025-05-27T08:06:53.759+0000] {subprocess.py:88} INFO - Running command: ['/usr/bin/bash', '-c', 'pwd ']
[2025-05-27T08:06:53.765+0000] {subprocess.py:99} INFO - Output:
[2025-05-27T08:06:53.766+0000] {subprocess.py:106} INFO - /tmp/***tmps_yerdwd
[2025-05-27T08:06:53.767+0000] {subprocess.py:110} INFO - Command exited with return code 0
[2025-05-27T08:06:53.791+0000] {taskinstance.py:349} INFO - ::group::Post task execution logs
[2025-05-27T08:06:53.792+0000] {taskinstance.py:361} INFO - Marking task as SUCCESS. dag_id=pipeline, task_id=init_buckets, run_id=manual__2025-05-27T08:06:52.419075+00:00, execution_date=20250527T080652, start_date=20250527T080653, end_date=20250527T080653
[2025-05-27T08:06:53.852+0000] {local_task_job_runner.py:266} INFO - Task exited with return code 0
[2025-05-27T08:06:53.866+0000] {taskinstance.py:3924} INFO - 0 downstream tasks scheduled from follow-on schedule check
[2025-05-27T08:06:53.869+0000] {local_task_job_runner.py:245} INFO - ::endgroup::
