[2025-05-27T08:11:43.615+0000] {local_task_job_runner.py:123} INFO - ::group::Pre task execution logs
[2025-05-27T08:11:43.632+0000] {taskinstance.py:2631} INFO - Dependencies all met for dep_context=non-requeueable deps ti=<TaskInstance: pipeline.init_buckets manual__2025-05-27T08:11:42.915508+00:00 [queued]>
[2025-05-27T08:11:43.639+0000] {taskinstance.py:2631} INFO - Dependencies all met for dep_context=requeueable deps ti=<TaskInstance: pipeline.init_buckets manual__2025-05-27T08:11:42.915508+00:00 [queued]>
[2025-05-27T08:11:43.640+0000] {taskinstance.py:2884} INFO - Starting attempt 1 of 6
[2025-05-27T08:11:43.652+0000] {taskinstance.py:2907} INFO - Executing <Task(BashOperator): init_buckets> on 2025-05-27 08:11:42.915508+00:00
[2025-05-27T08:11:43.658+0000] {logging_mixin.py:190} WARNING - /home/***/.local/lib/python3.12/site-packages/***/task/task_runner/standard_task_runner.py:70 DeprecationWarning: This process (pid=493) is multi-threaded, use of fork() may lead to deadlocks in the child.
[2025-05-27T08:11:43.658+0000] {standard_task_runner.py:104} INFO - Running: ['***', 'tasks', 'run', 'pipeline', 'init_buckets', 'manual__2025-05-27T08:11:42.915508+00:00', '--job-id', '10', '--raw', '--subdir', 'DAGS_FOLDER/pipeline.py', '--cfg-path', '/tmp/tmpragmps_h']
[2025-05-27T08:11:43.659+0000] {standard_task_runner.py:72} INFO - Started process 494 to run task
[2025-05-27T08:11:43.660+0000] {standard_task_runner.py:105} INFO - Job 10: Subtask init_buckets
[2025-05-27T08:11:43.702+0000] {task_command.py:467} INFO - Running <TaskInstance: pipeline.init_buckets manual__2025-05-27T08:11:42.915508+00:00 [running]> on host ***
[2025-05-27T08:11:43.778+0000] {taskinstance.py:3157} INFO - Exporting env vars: AIRFLOW_CTX_DAG_OWNER='***' AIRFLOW_CTX_DAG_ID='pipeline' AIRFLOW_CTX_TASK_ID='init_buckets' AIRFLOW_CTX_EXECUTION_DATE='2025-05-27T08:11:42.915508+00:00' AIRFLOW_CTX_TRY_NUMBER='1' AIRFLOW_CTX_DAG_RUN_ID='manual__2025-05-27T08:11:42.915508+00:00'
[2025-05-27T08:11:43.779+0000] {taskinstance.py:740} INFO - ::endgroup::
[2025-05-27T08:11:43.792+0000] {subprocess.py:78} INFO - Tmp dir root location: /tmp
[2025-05-27T08:11:43.794+0000] {subprocess.py:88} INFO - Running command: ['/usr/bin/bash', '-c', 'echo pwd']
[2025-05-27T08:11:43.800+0000] {subprocess.py:99} INFO - Output:
[2025-05-27T08:11:43.802+0000] {subprocess.py:106} INFO - pwd
[2025-05-27T08:11:43.803+0000] {subprocess.py:110} INFO - Command exited with return code 0
[2025-05-27T08:11:43.826+0000] {taskinstance.py:349} INFO - ::group::Post task execution logs
[2025-05-27T08:11:43.826+0000] {taskinstance.py:361} INFO - Marking task as SUCCESS. dag_id=pipeline, task_id=init_buckets, run_id=manual__2025-05-27T08:11:42.915508+00:00, execution_date=20250527T081142, start_date=20250527T081143, end_date=20250527T081143
[2025-05-27T08:11:43.874+0000] {local_task_job_runner.py:266} INFO - Task exited with return code 0
[2025-05-27T08:11:43.890+0000] {taskinstance.py:3924} INFO - 0 downstream tasks scheduled from follow-on schedule check
[2025-05-27T08:11:43.893+0000] {local_task_job_runner.py:245} INFO - ::endgroup::
